\BOOKMARK [0][-]{chapter*.1}{\376\377\000L\036\334\000I\000\040\000C\036\242\000M\000\040\001\240\000N}{}% 1
\BOOKMARK [0][-]{chapter*.2}{\376\377\000L\036\334\000I\000\040\000C\000A\000M\000\040\001\020\000O\000A\000N}{}% 2
\BOOKMARK [0][-]{chapter*.3}{\376\377\000T\000\323\000M\000\040\000T\036\256\000T}{}% 3
\BOOKMARK [0][-]{chapter*.4}{\376\377\000A\000B\000S\000T\000R\000A\000C\000T}{}% 4
\BOOKMARK [0][-]{chapter*.4}{\376\377\000D\000A\000N\000H\000\040\000M\036\344\000C\000\040\000B\036\242\000N\000G}{}% 5
\BOOKMARK [0][-]{chapter*.4}{\376\377\000D\000A\000N\000H\000\040\000M\036\344\000C\000\040\000H\000\314\000N\000H}{}% 6
\BOOKMARK [0][-]{chapter*.5}{\376\377\000D\000A\000N\000H\000\040\000M\036\344\000C\000\040\000T\036\352\000\040\000V\000I\036\276\000T\000\040\000T\036\256\000T}{}% 7
\BOOKMARK [0][-]{chapter*.6}{\376\377\000N\000H\036\254\000N\000\040\000X\000\311\000T\000\040\000C\036\346\000A\000\040\000G\000I\000\301\000O\000\040\000V\000I\000\312\000N\000\040\000H\001\257\036\332\000N\000G\000\040\000D\036\252\000N}{}% 8
\BOOKMARK [0][-]{chapter*.7}{\376\377\000N\000H\036\254\000N\000\040\000X\000\311\000T\000\040\000C\036\346\000A\000\040\000G\000I\036\242\000N\000G\000\040\000V\000I\000\312\000N\000\040\000C\000H\036\244\000M}{}% 9
\BOOKMARK [0][-]{chapter*.8}{\376\377\000C\000H\001\257\001\240\000N\000G\000\040\000I\000.\000\040\000M\036\336\000\040\001\020\036\246\000U}{}% 10
\BOOKMARK [1][-]{section.1.1}{\376\377\001\020\036\267\000t\000\040\000v\036\245\000n\000\040\001\021\036\301}{chapter*.8}% 11
\BOOKMARK [1][-]{section.1.2}{\376\377\000L\000\375\000\040\000d\000o\000\040\000c\000h\036\315\000n\000\040\001\021\036\301\000\040\000t\000\340\000i}{chapter*.8}% 12
\BOOKMARK [1][-]{section.1.3}{\376\377\000M\036\345\000c\000\040\000t\000i\000\352\000u\000\040\000n\000g\000h\000i\000\352\000n\000\040\000c\036\351\000u}{chapter*.8}% 13
\BOOKMARK [2][-]{subsection.1.3.1}{\376\377\000M\036\345\000c\000\040\000t\000i\000\352\000u\000\040\000t\036\325\000n\000g\000\040\000q\000u\000\341\000t}{section.1.3}% 14
\BOOKMARK [2][-]{subsection.1.3.2}{\376\377\000M\036\345\000c\000\040\000t\000i\000\352\000u\000\040\000c\036\345\000\040\000t\000h\036\303}{section.1.3}% 15
\BOOKMARK [1][-]{section.1.4}{\376\377\000P\000h\036\241\000m\000\040\000v\000i\000\040\001\021\036\301\000\040\000t\000\340\000i}{chapter*.8}% 16
\BOOKMARK [1][-]{section.1.5}{\376\377\000C\000\342\000u\000\040\000h\036\317\000i\000\040\000n\000g\000h\000i\000\352\000n\000\040\000c\036\351\000u}{chapter*.8}% 17
\BOOKMARK [2][-]{subsection.1.5.1}{\376\377\000P\000h\036\241\000m\000\040\000v\000i\000\040\000c\000h\036\351\000c\000\040\000n\001\003\000n\000g}{section.1.5}% 18
\BOOKMARK [1][-]{section.1.6}{\376\377\000P\000h\001\260\001\241\000n\000g\000\040\000p\000h\000\341\000p\000\040\000n\000g\000h\000i\000\352\000n\000\040\000c\036\351\000u}{chapter*.8}% 19
\BOOKMARK [2][-]{subsection.1.6.1}{\376\377\000K\000h\036\243\000o\000\040\000s\000\341\000t\000\040\000t\000\340\000i\000\040\000l\000i\036\307\000u\000\040\000k\036\371\000\040\000t\000h\000u\036\255\000t}{section.1.6}% 20
\BOOKMARK [2][-]{subsection.1.6.2}{\376\377\000T\000h\000i\036\277\000t\000\040\000k\036\277\000\040\000h\036\307\000\040\000t\000h\036\321\000n\000g}{section.1.6}% 21
\BOOKMARK [1][-]{section.1.7}{\376\377\000H\001\260\036\333\000n\000g\000\040\000g\000i\036\243\000i\000\040\000q\000u\000y\036\277\000t}{chapter*.8}% 22
\BOOKMARK [1][-]{section.1.8}{\376\377\000K\036\277\000\040\000h\000o\036\241\000c\000h\000\040\000t\000h\036\361\000c\000\040\000h\000i\036\307\000n}{chapter*.8}% 23
\BOOKMARK [1][-]{section.1.9}{\376\377\000C\036\245\000u\000\040\000t\000r\000\372\000c\000\040\000k\000h\000\363\000a\000\040\000l\000u\036\255\000n}{chapter*.8}% 24
\BOOKMARK [0][-]{chapter*.14}{\376\377\000C\000H\001\257\001\240\000N\000G\000\040\000I\000I\000.\000\040\000C\001\240\000\040\000S\036\336\000\040\000L\000\335\000\040\000T\000H\000U\000Y\036\276\000T\000\040\000V\000\300\000\040\000C\000\324\000N\000G\000\040\000N\000G\000H\036\306}{}% 25
\BOOKMARK [1][-]{section.2.1}{\376\377\000T\036\325\000n\000g\000\040\000q\000u\000a\000n\000\040\000v\036\301\000\040\000R\000e\000t\000r\000i\000e\000v\000a\000l\000-\000A\000u\000g\000m\000e\000n\000t\000e\000d\000\040\000G\000e\000n\000e\000r\000a\000t\000i\000o\000n}{chapter*.14}% 26
\BOOKMARK [1][-]{section.2.2}{\376\377\000C\036\245\000u\000\040\000t\000r\000\372\000c\000\040\000v\001\003\000n\000\040\000b\036\243\000n\000\040\000p\000h\000\341\000p\000\040\000l\000u\036\255\000t\000\040\000v\000\340\000\040\000c\000\341\000c\000h\000\040\000c\000h\000i\000a\000\040\000d\036\357\000\040\000l\000i\036\307\000u}{chapter*.14}% 27
\BOOKMARK [2][-]{subsection.2.2.1}{\376\377\001\020\000i\036\301\000u\000,\000\040\000K\000h\000o\036\243\000n\000\040\000v\000\340\000\040\001\020\000i\036\303\000m}{section.2.2}% 28
\BOOKMARK [2][-]{subsection.2.2.2}{\376\377\000T\000h\000\364\000n\000g\000\040\000t\000i\000n\000\040\000m\000\364\000\040\000t\036\243\000\040\000c\036\347\000a\000\040\000m\036\331\000t\000\040\001\021\000o\036\241\000n\000\040\000p\000h\000\341\000p\000\040\000l\000u\036\255\000t}{section.2.2}% 29
\BOOKMARK [1][-]{section.2.3}{\376\377\000M\000a\000n\000i\000f\000e\000s\000t\000,\000\040\000M\000a\000r\000k\000d\000o\000w\000n\000\040\000v\000\340\000\040\000J\000S\000O\000N\000\040\000\050\001\021\036\313\000n\000h\000\040\000d\036\241\000n\000g\000\040\000d\036\357\000\040\000l\000i\036\307\000u\000\040\000c\000\363\000\040\000c\036\245\000u\000\040\000t\000r\000\372\000c\000\051\000\040\000t\000h\000e\000o\000\040\000t\036\353\000n\000g\000\040\000d\000\362\000n\000g}{chapter*.14}% 30
\BOOKMARK [1][-]{section.2.4}{\376\377\000T\000r\000a\000\040\000c\036\351\000u\000\040\001\021\036\313\000n\000h\000\040\000d\000a\000n\000h\000\040\000p\000h\000\341\000p\000\040\000l\000\375\000\040\000c\000h\000\355\000n\000h\000\040\000x\000\341\000c}{chapter*.14}% 31
\BOOKMARK [1][-]{section.2.5}{\376\377\000T\000\354\000m\000\040\000k\000i\036\277\000m\000\040\000t\036\353\000\040\000k\000h\000\363\000a\000\040\000b\036\261\000n\000g\000\040\000B\000M\0002\0005}{chapter*.14}% 32
\BOOKMARK [1][-]{section.2.6}{\376\377\000T\000\354\000m\000\040\000k\000i\036\277\000m\000\040\000n\000g\036\357\000\040\000n\000g\000h\001\051\000a\000\040\000b\036\261\000n\000g\000\040\000v\000e\000c\000t\000o\000r\000\040\000b\000i\036\303\000u\000\040\000d\000i\036\305\000n\000\040\000n\000g\036\357\000\040\000n\000g\000h\001\051\000a}{chapter*.14}% 33
\BOOKMARK [1][-]{section.2.7}{\376\377\000T\000\354\000m\000\040\000k\000i\036\277\000m\000\040\000k\036\277\000t\000\040\000h\036\343\000p\000\040\000t\000r\000o\000n\000g\000\040\000Q\000d\000r\000a\000n\000t}{chapter*.14}% 34
\BOOKMARK [1][-]{section.2.8}{\376\377\000P\000h\000\342\000n\000\040\000t\000\355\000c\000h\000\040\000y\000\352\000u\000\040\000c\036\247\000u\000:\000\040\000d\000\371\000n\000g\000\040\000m\000\364\000\040\000h\000\354\000n\000h\000\040\000n\000g\000\364\000n\000\040\000n\000g\036\357\000\040\036\337\000\040\000b\001\260\036\333\000c\000\040\001\021\036\247\000u\000\040\000v\036\333\000i\000\040\000J\000S\000O\000N\000\040\000\050\001\021\036\313\000n\000h\000\040\000d\036\241\000n\000g\000\040\000d\036\357\000\040\000l\000i\036\307\000u\000\040\000c\000\363\000\040\000c\036\245\000u\000\040\000t\000r\000\372\000c\000\051\000\040\000n\000g\000h\000i\000\352\000m\000\040\000n\000g\036\267\000t}{chapter*.14}% 35
\BOOKMARK [1][-]{section.2.9}{\376\377\000P\000h\001\260\001\241\000n\000g\000\040\000p\000h\000\341\000p\000\040\000g\036\331\000p\000\040\000t\000h\036\351\000\040\000h\036\241\000n\000g}{chapter*.14}% 36
\BOOKMARK [1][-]{section.2.10}{\376\377\000B\036\325\000\040\000s\000u\000n\000g\000\040\001\021\000o\036\241\000n\000\040\000c\000\371\000n\000g\000\040\001\020\000i\036\301\000u\000\040\000v\000\340\000\040\000t\000h\000a\000m\000\040\000c\000h\000i\036\277\000u\000\040\000l\000i\000\352\000n\000\040\000q\000u\000a\000n}{chapter*.14}% 37
\BOOKMARK [1][-]{section.2.11}{\376\377\000P\000h\000\342\000n\000\040\000l\000o\036\241\000i\000\040\000t\036\353\000\040\000c\000h\036\321\000i\000\040\000t\000r\036\243\000\040\000l\036\335\000i\000\040\000v\000\340\000\040\000x\036\355\000\040\000l\000\375\000\040\000t\000h\000i\036\277\000u\000\040\000c\001\003\000n\000\040\000c\036\351}{chapter*.14}% 38
\BOOKMARK [1][-]{section.2.12}{\376\377\000S\000i\000n\000h\000\040\000c\000\342\000u\000\040\000t\000r\036\243\000\040\000l\036\335\000i\000\040\000c\000\363\000\040\000c\001\003\000n\000\040\000c\036\351\000\040\000q\000u\000a\000\040\000O\000p\000e\000n\000R\000o\000u\000t\000e\000r}{chapter*.14}% 39
\BOOKMARK [1][-]{section.2.13}{\376\377\000K\000i\036\303\000m\000\040\000t\000r\000a\000\040\000k\036\277\000t\000\040\000q\000u\036\243\000\040\000s\000a\000u\000\040\000k\000h\000i\000\040\000t\036\241\000o\000\040\000c\000\342\000u\000\040\000t\000r\036\243\000\040\000l\036\335\000i}{chapter*.14}% 40
\BOOKMARK [1][-]{section.2.14}{\376\377\000H\000T\000T\000P\000,\000\040\000R\000E\000S\000T\000\040\000v\000\340\000\040\000d\036\357\000\040\000l\000i\036\307\000u\000\040\000J\000S\000O\000N}{chapter*.14}% 41
\BOOKMARK [1][-]{section.2.15}{\376\377\000A\000S\000G\000I\000\040\000v\000\340\000\040\000U\000v\000i\000c\000o\000r\000n}{chapter*.14}% 42
\BOOKMARK [1][-]{section.2.16}{\376\377\000L\000a\000n\000g\000C\000h\000a\000i\000n\000\040\000t\000r\000o\000n\000g\000\040\000p\000h\036\241\000m\000\040\000v\000i\000\040\000d\036\361\000\040\000\341\000n}{chapter*.14}% 43
\BOOKMARK [1][-]{section.2.17}{\376\377\000Q\000d\000r\000a\000n\000t\000,\000\040\000F\000a\000s\000t\000E\000m\000b\000e\000d\000\040\000v\000\340\000\040\000c\000h\036\311\000\040\000m\036\345\000c\000\040\000t\000\354\000m\000\040\000k\000i\036\277\000m}{chapter*.14}% 44
\BOOKMARK [1][-]{section.2.18}{\376\377\000S\000u\000p\000a\000b\000a\000s\000e\000\040\000A\000u\000t\000h\000,\000\040\000J\000W\000T\000\040\000v\000\340\000\040\000p\000h\000\342\000n\000\040\000q\000u\000y\036\301\000n}{chapter*.14}% 45
\BOOKMARK [2][-]{subsection.2.18.1}{\376\377\000R\000e\000a\000c\000t\000\040\000c\000o\000m\000p\000o\000n\000e\000n\000t\000,\000\040\000p\000r\000o\000p\000s\000\040\000v\000\340\000\040\000s\000t\000a\000t\000e}{section.2.18}% 46
\BOOKMARK [2][-]{subsection.2.18.2}{\376\377\000T\000y\000p\000e\000S\000c\000r\000i\000p\000t\000\040\000v\000\340\000\040\000k\000i\036\303\000m\000\040\000t\000r\000a\000\040\000k\000i\036\303\000u\000\040\000t\001\051\000n\000h}{section.2.18}% 47
\BOOKMARK [2][-]{subsection.2.18.3}{\376\377\000P\000D\000F\000.\000j\000s\000\040\000v\000\340\000\040\000R\000e\000a\000c\000t\000\040\000M\000a\000r\000k\000d\000o\000w\000n}{section.2.18}% 48
\BOOKMARK [1][-]{section.2.19}{\376\377\000K\000i\036\277\000n\000\040\000t\000r\000\372\000c\000\040\000p\000h\000\355\000a\000\040\000n\000g\001\260\036\335\000i\000\040\000d\000\371\000n\000g\000\040\000-\000\040\000m\000\341\000y\000\040\000c\000h\036\347}{chapter*.14}% 49
\BOOKMARK [1][-]{section.2.20}{\376\377\000C\001\241\000\040\000s\036\337\000\040\000d\036\357\000\040\000l\000i\036\307\000u\000\040\000v\000e\000c\000t\000o\000r}{chapter*.14}% 50
\BOOKMARK [1][-]{section.2.21}{\376\377\000X\000\341\000c\000\040\000t\000h\036\361\000c\000\040\000v\000\340\000\040\000p\000h\000\342\000n\000\040\000q\000u\000y\036\301\000n\000\040\000n\000g\001\260\036\335\000i\000\040\000d\000\371\000n\000g}{chapter*.14}% 51
\BOOKMARK [1][-]{section.2.22}{\376\377\000D\000o\000c\000k\000e\000r\000\040\000C\000o\000m\000p\000o\000s\000e\000\040\000v\000\340\000\040\000c\036\245\000u\000\040\000h\000\354\000n\000h\000\040\000m\000\364\000i\000\040\000t\000r\001\260\036\335\000n\000g}{chapter*.14}% 52
\BOOKMARK [1][-]{section.2.23}{\376\377\000Q\000u\036\243\000n\000\040\000l\000\375\000\040\000t\000h\001\260\000\040\000v\000i\036\307\000n\000\040\000v\000\340\000\040\000c\000\364\000n\000g\000\040\000c\036\345\000\040\000c\000h\036\245\000t\000\040\000l\001\260\036\343\000n\000g\000\040\000m\000\343\000\040\000n\000g\000u\036\323\000n}{chapter*.14}% 53
\BOOKMARK [1][-]{section.2.24}{\376\377\000T\036\325\000\040\000c\000h\036\351\000c\000\040\000c\000\341\000c\000\040\000l\036\333\000p\000\040\000d\036\357\000\040\000l\000i\036\307\000u}{chapter*.14}% 54
\BOOKMARK [1][-]{section.2.25}{\376\377\000K\000i\036\303\000m\000\040\000t\000h\036\355\000\040\000p\000h\036\247\000n\000\040\000m\036\301\000m}{chapter*.14}% 55
\BOOKMARK [1][-]{section.2.26}{\376\377\001\020\000\341\000n\000h\000\040\000g\000i\000\341\000\040\000h\036\307\000\040\000t\000h\036\321\000n\000g\000\040\000R\000A\000G}{chapter*.14}% 56
\BOOKMARK [2][-]{subsection.2.26.1}{\376\377\000C\000h\036\315\000n\000\040\000m\000\364\000\040\000h\000\354\000n\000h}{section.2.26}% 57
\BOOKMARK [2][-]{subsection.2.26.2}{\376\377\000T\036\311\000\040\000l\036\307\000\040\000t\000\354\000m\000\040\000t\000h\036\245\000y\000\040\000c\001\003\000n\000\040\000c\036\351\000\040\001\021\000\372\000n\000g\000\040\000t\000r\000o\000n\000g\000\040\000s\036\321\000\040\000k\036\277\000t\000\040\000q\000u\036\243\000\040\001\021\036\247\000u\000\040\000t\000i\000\352\000n}{section.2.26}% 58
\BOOKMARK [2][-]{subsection.2.26.3}{\376\377\001\020\036\331\000\040\000c\000h\000\355\000n\000h\000\040\000x\000\341\000c\000\040\000t\000h\000e\000o\000\040\000t\036\315\000a\000\040\001\021\036\331\000\040\000p\000h\000\341\000p\000\040\000l\000\375}{section.2.26}% 59
\BOOKMARK [2][-]{subsection.2.26.4}{\376\377\001\020\036\331\000\040\000c\000h\000\355\000n\000h\000\040\000x\000\341\000c\000\040\000k\000h\000i\000\040\000q\000u\000y\036\277\000t\000\040\001\021\036\313\000n\000h\000\040\000t\036\353\000\040\000c\000h\036\321\000i\000\040\000t\000r\036\243\000\040\000l\036\335\000i}{section.2.26}% 60
\BOOKMARK [2][-]{subsection.2.26.5}{\376\377\001\020\036\331\000\040\000t\000r\036\305}{section.2.26}% 61
\BOOKMARK [2][-]{subsection.2.26.6}{\376\377\001\020\000\341\000n\000h\000\040\000g\000i\000\341\000\040\000n\036\331\000i\000\040\000d\000u\000n\000g\000\040\000t\000h\036\347\000\040\000c\000\364\000n\000g}{section.2.26}% 62
\BOOKMARK [2][-]{subsection.2.26.7}{\376\377\000C\000h\036\315\000n\000\040\000m\000\364\000\040\000h\000\354\000n\000h}{section.2.26}% 63
\BOOKMARK [1][-]{section.2.27}{\376\377\000T\036\325\000n\000g\000\040\000h\036\343\000p\000\040\000c\000\364\000n\000g\000\040\000n\000g\000h\036\307\000\040\000s\036\355\000\040\000d\036\345\000n\000g}{chapter*.14}% 64
\BOOKMARK [0][-]{chapter*.41}{\376\377\000C\000H\001\257\001\240\000N\000G\000\040\000I\000I\000I\000.\000\040\000P\000H\000\302\000N\000\040\000T\000\315\000C\000H\000\040\000V\000\300\000\040\000T\000H\000I\036\276\000T\000\040\000K\036\276\000\040\000H\036\306\000\040\000T\000H\036\320\000N\000G}{}% 65
\BOOKMARK [1][-]{section.3.1}{\376\377\000P\000h\000\342\000n\000\040\000t\000\355\000c\000h\000\040\000y\000\352\000u\000\040\000c\036\247\000u}{chapter*.41}% 66
\BOOKMARK [2][-]{subsection.3.1.1}{\376\377\000X\000\341\000c\000\040\001\021\036\313\000n\000h\000\040\000t\000\341\000c\000\040\000n\000h\000\342\000n}{section.3.1}% 67
\BOOKMARK [2][-]{subsection.3.1.2}{\376\377\000Y\000\352\000u\000\040\000c\036\247\000u\000\040\000c\000h\036\351\000c\000\040\000n\001\003\000n\000g}{section.3.1}% 68
\BOOKMARK [2][-]{subsection.3.1.3}{\376\377\000Y\000\352\000u\000\040\000c\036\247\000u\000\040\000p\000h\000i\000\040\000c\000h\036\351\000c\000\040\000n\001\003\000n\000g}{section.3.1}% 69
\BOOKMARK [1][-]{section.3.2}{\376\377\000S\001\241\000\040\001\021\036\323\000\040\000c\000h\036\351\000c\000\040\000n\001\003\000n\000g\000\040\000v\000\340\000\040\000s\001\241\000\040\001\021\036\323\000\040\000l\000u\036\323\000n\000g\000\040\000d\036\357\000\040\000l\000i\036\307\000u}{chapter*.41}% 70
\BOOKMARK [2][-]{subsection.3.2.1}{\376\377\000S\001\241\000\040\001\021\036\323\000\040\000p\000h\000\342\000n\000\040\000r\000\343\000\040\000c\000h\036\351\000c\000\040\000n\001\003\000n\000g}{section.3.2}% 71
\BOOKMARK [2][-]{subsection.3.2.2}{\376\377\000D\000F\000D\000\040\000m\036\351\000c\000\040\000n\000g\036\357\000\040\000c\036\243\000n\000h}{section.3.2}% 72
\BOOKMARK [2][-]{subsection.3.2.3}{\376\377\000D\000F\000D\000\040\000m\036\351\000c\000\040\0000}{section.3.2}% 73
\BOOKMARK [1][-]{section.3.3}{\376\377\000S\001\241\000\040\001\021\036\323\000\040\000c\000a\000\040\000s\036\355\000\040\000d\036\345\000n\000g\000\040\000v\000\340\000\040\001\021\036\267\000c\000\040\000t\036\243\000\040\000c\000h\036\351\000c\000\040\000n\001\003\000n\000g}{chapter*.41}% 74
\BOOKMARK [2][-]{subsection.3.3.1}{\376\377\000S\001\241\000\040\001\021\036\323\000\040\000c\000a\000\040\000s\036\355\000\040\000d\036\345\000n\000g\000\040\000t\036\325\000n\000g\000\040\000q\000u\000\341\000t}{section.3.3}% 75
\BOOKMARK [2][-]{subsection.3.3.2}{\376\377\000c\000a\000\040\000s\036\355\000\040\000d\036\345\000n\000g\000\040\000p\000h\000\342\000n\000\040\000r\000\343\000\040\000n\000h\000\363\000m\000\040\000x\000\341\000c\000\040\000t\000h\036\361\000c}{section.3.3}% 76
\BOOKMARK [2][-]{subsection.3.3.3}{\376\377\000c\000a\000\040\000s\036\355\000\040\000d\036\345\000n\000g\000\040\000p\000h\000\342\000n\000\040\000r\000\343\000\040\000c\000h\036\351\000c\000\040\000n\001\003\000n\000g\000\040\000h\036\317\000i\000\040\001\021\000\341\000p\000\040\000p\000h\000\341\000p\000\040\000l\000u\036\255\000t}{section.3.3}% 77
\BOOKMARK [2][-]{subsection.3.3.4}{\376\377\000c\000a\000\040\000s\036\355\000\040\000d\036\345\000n\000g\000\040\000p\000h\000\342\000n\000\040\000r\000\343\000\040\000q\000u\036\243\000n\000\040\000l\000\375\000\040\000h\036\331\000i\000\040\000t\000h\000o\036\241\000i}{section.3.3}% 78
\BOOKMARK [2][-]{subsection.3.3.5}{\376\377\000c\000a\000\040\000s\036\355\000\040\000d\036\345\000n\000g\000\040\000p\000h\000\342\000n\000\040\000r\000\343\000\040\000t\000r\000a\000\040\000c\036\351\000u\000\040\000n\000g\000u\036\323\000n\000\040\000p\000h\000\341\000p\000\040\000l\000u\036\255\000t}{section.3.3}% 79
\BOOKMARK [2][-]{subsection.3.3.6}{\376\377\000c\000a\000\040\000s\036\355\000\040\000d\036\345\000n\000g\000\040\000p\000h\000\342\000n\000\040\000r\000\343\000\040\000p\000h\036\243\000n\000\040\000h\036\323\000i\000\040\000v\000\340\000\040\000n\036\331\000i\000\040\000d\000u\000n\000g\000\040\001\021\000\343\000\040\000l\001\260\000u}{section.3.3}% 80
\BOOKMARK [1][-]{section.3.4}{\376\377\000S\001\241\000\040\001\021\036\323\000\040\000h\000o\036\241\000t\000\040\001\021\036\331\000n\000g}{chapter*.41}% 81
\BOOKMARK [2][-]{subsection.3.4.1}{\376\377\000S\001\241\000\040\001\021\036\323\000\040\000h\000o\036\241\000t\000\040\001\021\036\331\000n\000g\000\040\001\021\001\003\000n\000g\000\040\000k\000\375\000\040\000v\000\340\000\040\001\021\001\003\000n\000g\000\040\000n\000h\036\255\000p}{section.3.4}% 82
\BOOKMARK [2][-]{subsection.3.4.2}{\376\377\000S\001\241\000\040\001\021\036\323\000\040\000h\000o\036\241\000t\000\040\001\021\036\331\000n\000g\000\040\000h\036\317\000i\000\040\001\021\000\341\000p\000\040\000p\000h\000\341\000p\000\040\000l\000u\036\255\000t}{section.3.4}% 83
\BOOKMARK [2][-]{subsection.3.4.3}{\376\377\000S\001\241\000\040\001\021\036\323\000\040\000h\000o\036\241\000t\000\040\001\021\036\331\000n\000g\000\040\000t\000r\000a\000\040\000c\036\351\000u\000\040\000n\000g\000u\036\323\000n\000\040\000p\000h\000\341\000p\000\040\000l\000u\036\255\000t}{section.3.4}% 84
\BOOKMARK [2][-]{subsection.3.4.4}{\376\377\000S\001\241\000\040\001\021\036\323\000\040\000h\000o\036\241\000t\000\040\001\021\036\331\000n\000g\000\040\000q\000u\036\243\000n\000\040\000l\000\375\000\040\000h\036\331\000i\000\040\000t\000h\000o\036\241\000i}{section.3.4}% 85
\BOOKMARK [2][-]{subsection.3.4.5}{\376\377\000S\001\241\000\040\001\021\036\323\000\040\000h\000o\036\241\000t\000\040\001\021\036\331\000n\000g\000\040\000p\000h\036\243\000n\000\040\000h\036\323\000i\000\040\000v\000\340\000\040\000l\001\260\000u\000\040\000c\000\342\000u\000\040\000t\000r\036\243\000\040\000l\036\335\000i}{section.3.4}% 86
\BOOKMARK [1][-]{section.3.5}{\376\377\000S\001\241\000\040\001\021\036\323\000\040\000t\000u\036\247\000n\000\040\000t\036\361}{chapter*.41}% 87
\BOOKMARK [2][-]{subsection.3.5.1}{\376\377\000S\001\241\000\040\001\021\036\323\000\040\000t\000u\036\247\000n\000\040\000t\036\361\000\040\001\021\001\003\000n\000g\000\040\000n\000h\036\255\000p}{section.3.5}% 88
\BOOKMARK [2][-]{subsection.3.5.2}{\376\377\000S\001\241\000\040\001\021\036\323\000\040\000t\000u\036\247\000n\000\040\000t\036\361\000\040\000x\036\355\000\040\000l\000\375\000\040\000m\036\331\000t\000\040\000c\000\342\000u\000\040\000h\036\317\000i}{section.3.5}% 89
\BOOKMARK [2][-]{subsection.3.5.3}{\376\377\000S\001\241\000\040\001\021\036\323\000\040\000t\000u\036\247\000n\000\040\000t\036\361\000\040\000t\000\354\000m\000\040\000k\000i\036\277\000m\000\040\000c\001\003\000n\000\040\000c\036\351}{section.3.5}% 90
\BOOKMARK [2][-]{subsection.3.5.4}{\376\377\000S\001\241\000\040\001\021\036\323\000\040\000t\000u\036\247\000n\000\040\000t\036\361\000\040\000t\036\241\000o\000\040\000v\000\340\000\040\000k\000i\036\303\000m\000\040\000t\000r\000a\000\040\000c\000\342\000u\000\040\000t\000r\036\243\000\040\000l\036\335\000i}{section.3.5}% 91
\BOOKMARK [2][-]{subsection.3.5.5}{\376\377\000S\001\241\000\040\001\021\036\323\000\040\000t\000u\036\247\000n\000\040\000t\036\361\000\040\000m\036\337\000\040\000n\000g\000u\036\323\000n\000\040\000t\000r\000\355\000c\000h\000\040\000d\036\253\000n}{section.3.5}% 92
\BOOKMARK [2][-]{subsection.3.5.6}{\376\377\000S\001\241\000\040\001\021\036\323\000\040\000t\000u\036\247\000n\000\040\000t\036\361\000\040\000p\000h\036\243\000n\000\040\000h\036\323\000i\000\040\000v\000\340\000\040\000l\001\260\000u\000\040\000c\000\342\000u\000\040\000t\000r\036\243\000\040\000l\036\335\000i}{section.3.5}% 93
\BOOKMARK [1][-]{section.3.6}{\376\377\000P\000h\000\342\000n\000\040\000t\000\355\000c\000h\000\040\000v\000\340\000\040\000t\000h\000i\036\277\000t\000\040\000k\036\277\000\040\000c\001\241\000\040\000s\036\337\000\040\000d\036\357\000\040\000l\000i\036\307\000u}{chapter*.41}% 94
\BOOKMARK [2][-]{subsection.3.6.1}{\376\377\000N\000g\000u\000y\000\352\000n\000\040\000t\036\257\000c\000\040\000p\000h\000\342\000n\000\040\000t\000\341\000c\000h\000\040\000d\036\357\000\040\000l\000i\036\307\000u}{section.3.6}% 95
\BOOKMARK [2][-]{subsection.3.6.2}{\376\377\000M\000\364\000\040\000h\000\354\000n\000h\000\040\000d\036\357\000\040\000l\000i\036\307\000u\000\040\000k\000h\000\341\000i\000\040\000n\000i\036\307\000m\000\040\000M\000C\000D}{section.3.6}% 96
\BOOKMARK [2][-]{subsection.3.6.3}{\376\377\000M\000\364\000\040\000h\000\354\000n\000h\000\040\000d\036\357\000\040\000l\000i\036\307\000u\000\040\000l\000o\000g\000i\000c\000\040\000L\000D\000M}{section.3.6}% 97
\BOOKMARK [2][-]{subsection.3.6.4}{\376\377\000M\000\364\000\040\000h\000\354\000n\000h\000\040\000d\036\357\000\040\000l\000i\036\307\000u\000\040\000v\036\255\000t\000\040\000l\000\375\000\040\000P\000D\000M}{section.3.6}% 98
\BOOKMARK [2][-]{subsection.3.6.5}{\376\377\000S\001\241\000\040\001\021\036\323\000\040\000E\000R\000D}{section.3.6}% 99
\BOOKMARK [2][-]{subsection.3.6.6}{\376\377\000B\036\243\000n\000g\000\040\000p\000r\000o\000f\000i\000l\000e\000s}{section.3.6}% 100
\BOOKMARK [2][-]{subsection.3.6.7}{\376\377\000B\036\243\000n\000g\000\040\000c\000h\000a\000t\000\137\000s\000e\000s\000s\000i\000o\000n\000s}{section.3.6}% 101
\BOOKMARK [2][-]{subsection.3.6.8}{\376\377\000B\036\243\000n\000g\000\040\000t\000h\000\364\000n\000g\000\040\001\021\000i\036\307\000p}{section.3.6}% 102
\BOOKMARK [2][-]{subsection.3.6.9}{\376\377\000B\036\243\000n\000g\000\040\000f\000e\000e\000d\000b\000a\000c\000k}{section.3.6}% 103
\BOOKMARK [2][-]{subsection.3.6.10}{\376\377\000B\036\243\000n\000g\000\040\000b\000o\000o\000k\000m\000a\000r\000k\000s}{section.3.6}% 104
\BOOKMARK [2][-]{subsection.3.6.11}{\376\377\000C\000h\036\311\000\040\000m\036\345\000c\000,\000\040\000t\000r\000i\000g\000g\000e\000r\000\040\000v\000\340\000\040\000r\000\340\000n\000g\000\040\000b\000u\036\331\000c\000\040\000t\000o\000\340\000n\000\040\000v\036\271\000n}{section.3.6}% 105
\BOOKMARK [2][-]{subsection.3.6.12}{\376\377\000R\000o\000w\000\040\000L\000e\000v\000e\000l\000\040\000S\000e\000c\000u\000r\000i\000t\000y}{section.3.6}% 106
\BOOKMARK [1][-]{section.3.7}{\376\377\000T\000h\000i\036\277\000t\000\040\000k\036\277\000\040\000d\036\357\000\040\000l\000i\036\307\000u\000\040\000t\000\354\000m\000\040\000k\000i\036\277\000m\000\040\000t\000r\000o\000n\000g\000\040\000Q\000d\000r\000a\000n\000t}{chapter*.41}% 107
\BOOKMARK [1][-]{section.3.8}{\376\377\000T\000h\000i\036\277\000t\000\040\000k\036\277\000\040\000d\036\357\000\040\000l\000i\036\307\000u\000\040\000n\000g\000u\036\323\000n\000\040\000v\000\340\000\040\000J\000S\000O\000N\000\040\000\050\001\021\036\313\000n\000h\000\040\000d\036\241\000n\000g\000\040\000d\036\357\000\040\000l\000i\036\307\000u\000\040\000c\000\363\000\040\000c\036\245\000u\000\040\000t\000r\000\372\000c\000\051\000\040\000t\000h\000e\000o\000\040\000t\036\353\000n\000g\000\040\000d\000\362\000n\000g}{chapter*.41}% 108
\BOOKMARK [2][-]{subsection.3.8.1}{\376\377\000D\000a\000n\000h\000\040\000m\036\345\000c\000\040\000v\001\003\000n\000\040\000b\036\243\000n\000\040\000n\000g\000u\036\323\000n}{section.3.8}% 109
\BOOKMARK [2][-]{subsection.3.8.2}{\376\377\000D\036\357\000\040\000l\000i\036\307\000u\000\040\001\021\000o\036\241\000n\000\040\000v\001\003\000n\000\040\000b\036\243\000n\000\040\000d\036\241\000n\000g\000\040\000J\000S\000O\000N\000\040\000\050\001\021\036\313\000n\000h\000\040\000d\036\241\000n\000g\000\040\000d\036\357\000\040\000l\000i\036\307\000u\000\040\000c\000\363\000\040\000c\036\245\000u\000\040\000t\000r\000\372\000c\000\051\000\040\000t\000h\000e\000o\000\040\000t\036\353\000n\000g\000\040\000d\000\362\000n\000g}{section.3.8}% 110
\BOOKMARK [1][-]{section.3.9}{\376\377\000T\000h\000i\036\277\000t\000\040\000k\036\277\000\040\000A\000P\000I}{chapter*.41}% 111
\BOOKMARK [1][-]{section.3.10}{\376\377\000L\001\260\000u\000\040\001\021\036\323\000\040\000x\036\355\000\040\000l\000\375\000\040\000c\000h\000\355\000n\000h}{chapter*.41}% 112
\BOOKMARK [2][-]{subsection.3.10.1}{\376\377\000T\000\341\000c\000h\000\040\001\020\000i\036\301\000u\000,\000\040\000K\000h\000o\036\243\000n\000\040\000v\000\340\000\040\001\020\000i\036\303\000m}{section.3.10}% 113
\BOOKMARK [2][-]{subsection.3.10.2}{\376\377\000T\000\354\000m\000\040\000k\000i\036\277\000m\000\040\000c\001\003\000n\000\040\000c\036\351}{section.3.10}% 114
\BOOKMARK [2][-]{subsection.3.10.3}{\376\377\000X\036\355\000\040\000l\000\375\000\040\000c\000\342\000u\000\040\000h\036\317\000i\000\040\000v\000\340\000\040\000s\000i\000n\000h\000\040\000c\000\342\000u\000\040\000t\000r\036\243\000\040\000l\036\335\000i}{section.3.10}% 115
\BOOKMARK [2][-]{subsection.3.10.4}{\376\377\000G\036\331\000p\000\040\000t\000h\036\351\000\040\000h\036\241\000n\000g\000\040\000b\036\261\000n\000g\000\040\000R\000R\000F}{section.3.10}% 116
\BOOKMARK [2][-]{subsection.3.10.5}{\376\377\000L\000\340\000m\000\040\000s\036\241\000c\000h\000\040\000t\000r\000\355\000c\000h\000\040\000d\036\253\000n\000\040\000n\000g\000u\036\323\000n}{section.3.10}% 117
\BOOKMARK [1][-]{section.3.11}{\376\377\000T\000h\000i\036\277\000t\000\040\000k\036\277\000\040\000b\036\243\000o\000\040\000m\036\255\000t}{chapter*.41}% 118
\BOOKMARK [1][-]{section.3.12}{\376\377\000T\000h\000i\036\277\000t\000\040\000k\036\277\000\040\000k\000i\036\303\000m\000\040\000t\000h\036\355}{chapter*.41}% 119
\BOOKMARK [0][-]{chapter*.72}{\376\377\000C\000H\001\257\001\240\000N\000G\000\040\000I\000V\000.\000\040\000K\036\276\000T\000\040\000Q\000U\036\242\000\040\000T\000H\036\360\000C\000\040\000H\000I\036\306\000N\000\040\000V\000\300\000\040\000G\000I\000A\000O\000\040\000D\000I\036\306\000N}{}% 120
\BOOKMARK [1][-]{section.4.1}{\376\377\000T\036\325\000n\000g\000\040\000q\000u\000a\000n\000\040\000k\036\277\000t\000\040\000q\000u\036\243\000\040\000t\000r\000i\036\303\000n\000\040\000k\000h\000a\000i}{chapter*.72}% 121
\BOOKMARK [1][-]{section.4.2}{\376\377\000G\000i\000a\000o\000\040\000d\000i\036\307\000n\000\040\000t\000r\000a\000n\000g\000\040\001\021\036\247\000u}{chapter*.72}% 122
\BOOKMARK [1][-]{section.4.3}{\376\377\001\020\001\003\000n\000g\000\040\000k\000\375\000\040\000v\000\340\000\040\001\021\001\003\000n\000g\000\040\000n\000h\036\255\000p}{chapter*.72}% 123
\BOOKMARK [2][-]{subsection.4.3.1}{\376\377\001\020\001\003\000n\000g\000\040\000k\000\375}{section.4.3}% 124
\BOOKMARK [2][-]{subsection.4.3.2}{\376\377\001\020\001\003\000n\000g\000\040\000n\000h\036\255\000p}{section.4.3}% 125
\BOOKMARK [1][-]{section.4.4}{\376\377\000G\000i\000a\000o\000\040\000d\000i\036\307\000n\000\040\000h\036\317\000i\000\040\001\021\000\341\000p\000\040\000p\000h\000\341\000p\000\040\000l\000u\036\255\000t}{chapter*.72}% 126
\BOOKMARK [2][-]{subsection.4.4.1}{\376\377\000T\000r\036\241\000n\000g\000\040\000t\000h\000\341\000i\000\040\000c\000h\001\260\000a\000\040\000c\000\363\000\040\000c\000\342\000u\000\040\000h\036\317\000i}{section.4.4}% 127
\BOOKMARK [2][-]{subsection.4.4.2}{\376\377\000C\000\342\000u\000\040\000t\000r\036\243\000\040\000l\036\335\000i\000\040\000c\000\363\000\040\000c\001\003\000n\000\040\000c\036\351}{section.4.4}% 128
\BOOKMARK [2][-]{subsection.4.4.3}{\376\377\000T\000r\001\260\036\335\000n\000g\000\040\000h\036\343\000p\000\040\000t\036\353\000\040\000c\000h\036\321\000i\000\040\000t\000r\036\243\000\040\000l\036\335\000i}{section.4.4}% 129
\BOOKMARK [1][-]{section.4.5}{\376\377\000H\000i\036\303\000n\000\040\000t\000h\036\313\000\040\000t\000r\000\355\000c\000h\000\040\000d\036\253\000n\000\040\000n\000g\000u\036\323\000n}{chapter*.72}% 130
\BOOKMARK [1][-]{section.4.6}{\376\377\000T\000r\000a\000n\000g\000\040\000n\000g\000u\036\323\000n\000\040\000p\000h\000\341\000p\000\040\000l\000u\036\255\000t}{chapter*.72}% 131
\BOOKMARK [2][-]{subsection.4.6.1}{\376\377\000D\000a\000n\000h\000\040\000s\000\341\000c\000h\000\040\000v\001\003\000n\000\040\000b\036\243\000n}{section.4.6}% 132
\BOOKMARK [2][-]{subsection.4.6.2}{\376\377\000T\000\354\000m\000\040\000k\000i\036\277\000m\000\040\000v\000\340\000\040\000l\036\315\000c}{section.4.6}% 133
\BOOKMARK [2][-]{subsection.4.6.3}{\376\377\000X\000e\000m\000\040\000c\000h\000i\000\040\000t\000i\036\277\000t\000\040\000l\000u\036\255\000t}{section.4.6}% 134
\BOOKMARK [1][-]{section.4.7}{\376\377\000L\036\313\000c\000h\000\040\000s\036\355\000\040\000h\036\331\000i\000\040\000t\000h\000o\036\241\000i}{chapter*.72}% 135
\BOOKMARK [1][-]{section.4.8}{\376\377\000P\000h\036\243\000n\000\040\000h\036\323\000i\000\040\000v\000\340\000\040\001\021\000\341\000n\000h\000\040\000d\036\245\000u\000\040\000c\000\342\000u\000\040\000t\000r\036\243\000\040\000l\036\335\000i}{chapter*.72}% 136
\BOOKMARK [1][-]{section.4.9}{\376\377\000K\036\277\000t\000\040\000q\000u\036\243\000\040\000k\000i\036\303\000m\000\040\000t\000h\036\355}{chapter*.72}% 137
\BOOKMARK [2][-]{subsection.4.9.1}{\376\377\000K\000i\036\303\000m\000\040\000t\000r\000a\000\040\000t\000r\036\241\000n\000g\000\040\000t\000h\000\341\000i\000\040\000d\036\313\000c\000h\000\040\000v\036\345}{section.4.9}% 138
\BOOKMARK [2][-]{subsection.4.9.2}{\376\377\000T\000\340\000i\000\040\000l\000i\036\307\000u\000\040\000A\000P\000I}{section.4.9}% 139
\BOOKMARK [1][-]{section.4.10}{\376\377\001\020\000\341\000n\000h\000\040\000g\000i\000\341\000\040\000k\000h\036\243\000\040\000n\001\003\000n\000g\000\040\000t\000r\000a\000\040\000c\036\351\000u\000\040\000v\000\340\000\040\000t\000r\036\243\000\040\000l\036\335\000i}{chapter*.72}% 140
\BOOKMARK [0][-]{section*.87}{\376\377\000K\036\276\000T\000\040\000L\000U\036\254\000N\000\040\000V\000\300\000\040\000H\001\257\036\332\000N\000G\000\040\000P\000H\000\301\000T\000\040\000T\000R\000I\036\302\000N}{}% 141
\BOOKMARK [1][-]{section*.88}{\376\377\000K\036\277\000t\000\040\000q\000u\036\243\000\040\001\021\036\241\000t\000\040\001\021\001\260\036\343\000c}{section*.87}% 142
\BOOKMARK [1][-]{section*.89}{\376\377\000H\036\241\000n\000\040\000c\000h\036\277}{section*.87}% 143
\BOOKMARK [1][-]{section*.90}{\376\377\000M\036\345\000c\000\040\000t\000i\000\352\000u\000\040\000v\000\362\000n\000g\000\040\000c\036\243\000i\000\040\000t\000h\000i\036\307\000n\000\040\000t\000i\036\277\000p\000\040\000t\000h\000e\000o}{section*.87}% 144
\BOOKMARK [1][-]{section*.92}{\376\377\000V\000i\036\307\000c\000\040\000c\036\247\000n\000\040\000l\000\340\000m\000\040\000v\000\340\000\040\000t\000\355\000n\000h\000\040\000n\001\003\000n\000g\000\040\000s\036\275\000\040\000b\036\325\000\040\000s\000u\000n\000g}{section*.87}% 145
